
[7m[1m[36m RUN [39m[22m[27m [36mv0.34.6[39m [90mC:/Users/there/.gemini/antigravity/scratch[39m

npx : [90mstderr[2m | tests/UI/ProblemDetail.test.tsx[2m > [22m[2mProblemDetail Page[2m > [22m[2mrenders 
problem details[22m[39m
At line:1 char:1
+ npx vitest run tests/UI/ProblemDetail.test.tsx > test_output.txt 2>&1
+ ~~~~~~~~~~~~~~~~~~~~~~~~~~~~~~~~~~~~~~~~~~~~~~~~~~~~~~~~~~~~~~~~~~~~~
    + CategoryInfo          : NotSpecified: ([90mstderr[2m...tails[22m[39m:String) [], RemoteException
    + FullyQualifiedErrorId : NativeCommandError
 
ΓÜá∩╕Å React Router Future Flag Warning: React Router will begin wrapping state updates in `React.startTransition` in 
v7. You can use the `v7_startTransition` future flag to opt-in early. For more information, see 
https://reactrouter.com/v6/upgrading/future#v7_starttransition.
ΓÜá∩╕Å React Router Future Flag Warning: Relative route resolution within Splat routes is changing in v7. You can use 
the `v7_relativeSplatPath` future flag to opt-in early. For more information, see 
https://reactrouter.com/v6/upgrading/future#v7_relativesplatpath.
Error: Uncaught [Error: useTheme must be used within a ThemeProvider]
    at reportException 
(C:\Users\there\.gemini\antigravity\scratch\node_modules\jsdom\lib\jsdom\living\helpers\runtime-script-errors.js:66:24)
    at innerInvokeEventListeners 
(C:\Users\there\.gemini\antigravity\scratch\node_modules\jsdom\lib\jsdom\living\events\EventTarget-impl.js:353:9)
    at invokeEventListeners 
(C:\Users\there\.gemini\antigravity\scratch\node_modules\jsdom\lib\jsdom\living\events\EventTarget-impl.js:286:3)
    at HTMLUnknownElementImpl._dispatch 
(C:\Users\there\.gemini\antigravity\scratch\node_modules\jsdom\lib\jsdom\living\events\EventTarget-impl.js:233:9)
    at HTMLUnknownElementImpl.dispatchEvent 
(C:\Users\there\.gemini\antigravity\scratch\node_modules\jsdom\lib\jsdom\living\events\EventTarget-impl.js:104:17)
    at HTMLUnknownElement.dispatchEvent 
(C:\Users\there\.gemini\antigravity\scratch\node_modules\jsdom\lib\jsdom\living\generated\EventTarget.js:241:34)
    at Object.invokeGuardedCallbackDev 
(C:\Users\there\.gemini\antigravity\scratch\node_modules\react-dom\cjs\react-dom.development.js:4213:16)
    at invokeGuardedCallback 
(C:\Users\there\.gemini\antigravity\scratch\node_modules\react-dom\cjs\react-dom.development.js:4277:31)
    at beginWork$1 
(C:\Users\there\.gemini\antigravity\scratch\node_modules\react-dom\cjs\react-dom.development.js:27490:7)
    at performUnitOfWork 
(C:\Users\there\.gemini\antigravity\scratch\node_modules\react-dom\cjs\react-dom.development.js:26599:12) Error: 
useTheme must be used within a ThemeProvider
    at Module.useTheme (C:\Users\there\.gemini\antigravity\scratch\src\context\ThemeContext.tsx:39:15)
    at CodeEditor (C:\Users\there\.gemini\antigravity\scratch\src\components\CodeEditor.tsx:18:23)
    at renderWithHooks 
(C:\Users\there\.gemini\antigravity\scratch\node_modules\[4mreact-dom[24m\cjs\react-dom.development.js:15486:18)
    at mountIndeterminateComponent 
(C:\Users\there\.gemini\antigravity\scratch\node_modules\[4mreact-dom[24m\cjs\react-dom.development.js:20103:13)
    at beginWork 
(C:\Users\there\.gemini\antigravity\scratch\node_modules\[4mreact-dom[24m\cjs\react-dom.development.js:21626:16)
    at HTMLUnknownElement.callCallback 
(C:\Users\there\.gemini\antigravity\scratch\node_modules\[4mreact-dom[24m\cjs\react-dom.development.js:4164:14)
    at HTMLUnknownElement.callTheUserObjectsOperation (C:\Users\there\.gemini\antigravity\scratch\node_modules\[4mjsdo
m[24m\lib\jsdom\living\generated\EventListener.js:26:30)
    at innerInvokeEventListeners (C:\Users\there\.gemini\antigravity\scratch\node_modules\[4mjsdom[24m\lib\jsdom\livi
ng\events\EventTarget-impl.js:350:25)
    at invokeEventListeners (C:\Users\there\.gemini\antigravity\scratch\node_modules\[4mjsdom[24m\lib\jsdom\living\ev
ents\EventTarget-impl.js:286:3)
    at HTMLUnknownElementImpl._dispatch (C:\Users\there\.gemini\antigravity\scratch\node_modules\[4mjsdom[24m\lib\jsd
om\living\events\EventTarget-impl.js:233:9)
Error: Uncaught [Error: useTheme must be used within a ThemeProvider]
    at reportException 
(C:\Users\there\.gemini\antigravity\scratch\node_modules\jsdom\lib\jsdom\living\helpers\runtime-script-errors.js:66:24)
    at innerInvokeEventListeners 
(C:\Users\there\.gemini\antigravity\scratch\node_modules\jsdom\lib\jsdom\living\events\EventTarget-impl.js:353:9)
    at invokeEventListeners 
(C:\Users\there\.gemini\antigravity\scratch\node_modules\jsdom\lib\jsdom\living\events\EventTarget-impl.js:286:3)
    at HTMLUnknownElementImpl._dispatch 
(C:\Users\there\.gemini\antigravity\scratch\node_modules\jsdom\lib\jsdom\living\events\EventTarget-impl.js:233:9)
    at HTMLUnknownElementImpl.dispatchEvent 
(C:\Users\there\.gemini\antigravity\scratch\node_modules\jsdom\lib\jsdom\living\events\EventTarget-impl.js:104:17)
    at HTMLUnknownElement.dispatchEvent 
(C:\Users\there\.gemini\antigravity\scratch\node_modules\jsdom\lib\jsdom\living\generated\EventTarget.js:241:34)
    at Object.invokeGuardedCallbackDev 
(C:\Users\there\.gemini\antigravity\scratch\node_modules\react-dom\cjs\react-dom.development.js:4213:16)
    at invokeGuardedCallback 
(C:\Users\there\.gemini\antigravity\scratch\node_modules\react-dom\cjs\react-dom.development.js:4277:31)
    at beginWork$1 
(C:\Users\there\.gemini\antigravity\scratch\node_modules\react-dom\cjs\react-dom.development.js:27490:7)
    at performUnitOfWork 
(C:\Users\there\.gemini\antigravity\scratch\node_modules\react-dom\cjs\react-dom.development.js:26599:12) Error: 
useTheme must be used within a ThemeProvider
    at Module.useTheme (C:\Users\there\.gemini\antigravity\scratch\src\context\ThemeContext.tsx:39:15)
    at CodeEditor (C:\Users\there\.gemini\antigravity\scratch\src\components\CodeEditor.tsx:18:23)
    at renderWithHooks 
(C:\Users\there\.gemini\antigravity\scratch\node_modules\[4mreact-dom[24m\cjs\react-dom.development.js:15486:18)
    at mountIndeterminateComponent 
(C:\Users\there\.gemini\antigravity\scratch\node_modules\[4mreact-dom[24m\cjs\react-dom.development.js:20103:13)
    at beginWork 
(C:\Users\there\.gemini\antigravity\scratch\node_modules\[4mreact-dom[24m\cjs\react-dom.development.js:21626:16)
    at HTMLUnknownElement.callCallback 
(C:\Users\there\.gemini\antigravity\scratch\node_modules\[4mreact-dom[24m\cjs\react-dom.development.js:4164:14)
    at HTMLUnknownElement.callTheUserObjectsOperation (C:\Users\there\.gemini\antigravity\scratch\node_modules\[4mjsdo
m[24m\lib\jsdom\living\generated\EventListener.js:26:30)
    at innerInvokeEventListeners (C:\Users\there\.gemini\antigravity\scratch\node_modules\[4mjsdom[24m\lib\jsdom\livi
ng\events\EventTarget-impl.js:350:25)
    at invokeEventListeners (C:\Users\there\.gemini\antigravity\scratch\node_modules\[4mjsdom[24m\lib\jsdom\living\ev
ents\EventTarget-impl.js:286:3)
    at HTMLUnknownElementImpl._dispatch (C:\Users\there\.gemini\antigravity\scratch\node_modules\[4mjsdom[24m\lib\jsd
om\living\events\EventTarget-impl.js:233:9)
The above error occurred in the <CodeEditor> component:

    at CodeEditor (C:\Users\there\.gemini\antigravity\scratch\src\components\CodeEditor.tsx:8:3)
    at div
    at div
    at div
    at div
    at div
    at div
    at ProblemDetail (C:\Users\there\.gemini\antigravity\scratch\src\pages\ProblemDetail.tsx:22:42)
    at RenderedRoute 
(C:\Users\there\.gemini\antigravity\scratch\node_modules\react-router\dist\umd\react-router.development.js:539:7)
    at Routes 
(C:\Users\there\.gemini\antigravity\scratch\node_modules\react-router\dist\umd\react-router.development.js:1273:7)
    at Router 
(C:\Users\there\.gemini\antigravity\scratch\node_modules\react-router\dist\umd\react-router.development.js:1207:17)
    at MemoryRouter 
(C:\Users\there\.gemini\antigravity\scratch\node_modules\react-router\dist\umd\react-router.development.js:1101:7)
    at ProgressProvider (C:\Users\there\.gemini\antigravity\scratch\src\context\ProgressContext.tsx:14:29)

Consider adding an error boundary to your tree to customize error handling behavior.
Visit https://reactjs.org/link/error-boundaries to learn more about error boundaries.

 [33mΓ¥»[39m tests/UI/ProblemDetail.test.tsx [2m ([22m[2m1 test[22m [2m|[22m [31m1 failed[39m[2m)[22m[33m 1077[2mms[22m[39m
[31m   [33mΓ¥»[31m tests/UI/ProblemDetail.test.tsx[2m > [22mProblemDetail Page[2m > [22mrenders problem details[39m
[31m     ΓåÆ Unable to find an element with the text: Two Sum. This could be because the text is broken up by multiple elements. In this case, you can provide a function for your text matcher to make your matcher more flexible.

Ignored nodes: comments, script, style
[36m<body>[31m
  [36m<div />[31m
[36m</body>[31m

Ignored nodes: comments, script, style
[36m<html>[31m
  [36m<head />[31m
  [36m<body>[31m
    [36m<div />[31m
  [36m</body>[31m
[36m</html>[31m[39m

[31mΓÄ»ΓÄ»ΓÄ»ΓÄ»ΓÄ»ΓÄ»ΓÄ»[1m[7m Failed Tests 1 [27m[22mΓÄ»ΓÄ»ΓÄ»ΓÄ»ΓÄ»ΓÄ»ΓÄ»[39m

[31m[1m[7m FAIL [27m[22m[39m tests/UI/ProblemDetail.test.tsx[2m > [22mProblemDetail Page[2m > [22mrenders 
problem details
[31m[1mTestingLibraryElementError[22m: Unable to find an element with the text: Two Sum. This could be because the 
text is broken up by multiple elements. In this case, you can provide a function for your text matcher to make your 
matcher more flexible.

Ignored nodes: comments, script, style
[36m<body>[31m
  [36m<div />[31m
[36m</body>[31m

Ignored nodes: comments, script, style
[36m<html>[31m
  [36m<head />[31m
  [36m<body>[31m
    [36m<div />[31m
  [36m</body>[31m
[36m</html>[31m[39m
[90m [2mΓ¥»[22m waitForWrapper node_modules/@testing-library/dom/dist/wait-for.js:[2m163:27[22m[39m
[36m [2mΓ¥»[22m tests/UI/ProblemDetail.test.tsx:[2m46:15[22m[39m
    [90m 44| [39m        );
    [90m 45| [39m
    [90m 46| [39m        await waitFor(() => {
    [90m   | [39m              [31m^[39m
    [90m 47| [39m            expect(screen.getByText('Two Sum')).toBeInTheDocument();
    [90m 48| [39m            expect(screen.getByText('Easy')).toBeInTheDocument();

[31m[2mΓÄ»ΓÄ»ΓÄ»ΓÄ»ΓÄ»ΓÄ»ΓÄ»ΓÄ»ΓÄ»ΓÄ»ΓÄ»ΓÄ»ΓÄ»ΓÄ»ΓÄ»ΓÄ»ΓÄ»ΓÄ»ΓÄ»ΓÄ»ΓÄ»ΓÄ»ΓÄ»ΓÄ»[1/1]ΓÄ»[22m[39m

[31mΓÄ»ΓÄ»ΓÄ»ΓÄ»ΓÄ»ΓÄ»[1m[7m Unhandled Errors [27m[22mΓÄ»ΓÄ»ΓÄ»ΓÄ»ΓÄ»ΓÄ»[39m
[31m[1m
Vitest caught 1 unhandled error during the test run.
This might cause false positive tests. Resolve unhandled errors to make sure your tests are not affected.[22m[39m

[31mΓÄ»ΓÄ»ΓÄ»ΓÄ»ΓÄ»[1m[7m Uncaught Exception [27m[22mΓÄ»ΓÄ»ΓÄ»ΓÄ»ΓÄ»[39m
[31m[1mError[22m: useTheme must be used within a ThemeProvider[39m
[36m [2mΓ¥»[22m Module.useTheme src/context/ThemeContext.tsx:[2m39:15[22m[39m
    [90m 37| [39m    const context = useContext(ThemeContext);
    [90m 38| [39m    if (context === undefined) {
    [90m 39| [39m        throw new Error('useTheme must be used within a ThemeProvider'ΓÇª
    [90m   | [39m              [31m^[39m
    [90m 40| [39m    }
    [90m 41| [39m    return context;
[90m [2mΓ¥»[22m CodeEditor src/components/CodeEditor.tsx:[2m18:23[22m[39m
[90m [2mΓ¥»[22m renderWithHooks node_modules/react-dom/cjs/react-dom.development.js:[2m15486:18[22m[39m
[90m [2mΓ¥»[22m mountIndeterminateComponent 
node_modules/react-dom/cjs/react-dom.development.js:[2m20103:13[22m[39m
[90m [2mΓ¥»[22m beginWork node_modules/react-dom/cjs/react-dom.development.js:[2m21626:16[22m[39m
[90m [2mΓ¥»[22m beginWork$1 node_modules/react-dom/cjs/react-dom.development.js:[2m27465:14[22m[39m
[90m [2mΓ¥»[22m performUnitOfWork node_modules/react-dom/cjs/react-dom.development.js:[2m26599:12[22m[39m
[90m [2mΓ¥»[22m workLoopSync node_modules/react-dom/cjs/react-dom.development.js:[2m26505:5[22m[39m
[90m [2mΓ¥»[22m renderRootSync node_modules/react-dom/cjs/react-dom.development.js:[2m26473:7[22m[39m
[90m [2mΓ¥»[22m recoverFromConcurrentError 
node_modules/react-dom/cjs/react-dom.development.js:[2m25889:20[22m[39m

[31mThis error originated in "[1mtests/UI/ProblemDetail.test.tsx[22m" test file. It doesn't mean the error was 
thrown inside the file itself, but while it was running.[39m
[31mThe latest test that might've caused the error is "[1mrenders problem details[22m". It might mean one of the 
following:
- The error was thrown, while Vitest was running this test.
- This was the last recorded test before the error was thrown, if error originated after test finished its 
execution.[39m
[31mΓÄ»ΓÄ»ΓÄ»ΓÄ»ΓÄ»ΓÄ»ΓÄ»ΓÄ»ΓÄ»ΓÄ»ΓÄ»ΓÄ»ΓÄ»ΓÄ»ΓÄ»ΓÄ»ΓÄ»ΓÄ»ΓÄ»ΓÄ»ΓÄ»ΓÄ»ΓÄ»ΓÄ»ΓÄ»ΓÄ»ΓÄ»ΓÄ»ΓÄ»ΓÄ»[39m

[2m Test Files [22m [1m[31m1 failed[39m[22m[90m (1)[39m
[2m      Tests [22m [1m[31m1 failed[39m[22m[90m (1)[39m
[2m     Errors [22m [1m[31m1 error[39m[22m
[2m   Start at [22m 18:09:21
[2m   Duration [22m 7.42s[2m (transform 899ms, setup 315ms, collect 3.12s, tests 1.08s, environment 1.19s, prepare 304ms)[22m

